/home/bee/FinalProject/github/PhotoLite-Brite-X/edk/FirstAttempt/implementation/system.ngc 1458595188
/home/bee/FinalProject/github/PhotoLite-Brite-X/edk/FirstAttempt/implementation/system_rs232_uart_1_wrapper.ngc 1458595099
/home/bee/FinalProject/github/PhotoLite-Brite-X/edk/FirstAttempt/implementation/system_proc_sys_reset_0_wrapper.ngc 1458594931
/home/bee/FinalProject/github/PhotoLite-Brite-X/edk/FirstAttempt/implementation/system_clock_generator_0_wrapper.ngc 1458595157
/home/bee/FinalProject/github/PhotoLite-Brite-X/edk/FirstAttempt/implementation/system_microblaze_0_ilmb_wrapper.ngc 1458595138
/home/bee/FinalProject/github/PhotoLite-Brite-X/edk/FirstAttempt/implementation/system_microblaze_0_dlmb_wrapper.ngc 1458595144
/home/bee/FinalProject/github/PhotoLite-Brite-X/edk/FirstAttempt/implementation/system_axi4lite_0_wrapper.ngc 1458595163
/home/bee/FinalProject/github/PhotoLite-Brite-X/edk/FirstAttempt/implementation/system_microblaze_0_wrapper.ngc 1458595150
/home/bee/FinalProject/github/PhotoLite-Brite-X/edk/FirstAttempt/implementation/system_microblaze_0_i_bram_ctrl_wrapper.ngc 1458594950
/home/bee/FinalProject/github/PhotoLite-Brite-X/edk/FirstAttempt/implementation/system_microblaze_0_d_bram_ctrl_wrapper.ngc 1458594972
/home/bee/FinalProject/github/PhotoLite-Brite-X/edk/FirstAttempt/implementation/system_debug_module_wrapper.ngc 1458595061
/home/bee/FinalProject/github/PhotoLite-Brite-X/edk/FirstAttempt/implementation/system_led_strip_driver_0_wrapper.ngc 1458595131
/home/bee/FinalProject/github/PhotoLite-Brite-X/edk/FirstAttempt/implementation/system_microblaze_0_bram_block_wrapper.ngc 1458594986
