/home/bee/git/PhotoLite-Brite-X/edk/python-c-testv2/implementation/system.ngc 1463961828
/home/bee/git/PhotoLite-Brite-X/edk/python-c-testv2/implementation/system_rs232_uart_1_wrapper.ngc 1463961805
/home/bee/git/PhotoLite-Brite-X/edk/python-c-testv2/implementation/system_proc_sys_reset_0_wrapper.ngc 1463961788
/home/bee/git/PhotoLite-Brite-X/edk/python-c-testv2/implementation/system_clock_generator_0_wrapper.ngc 1463961809
/home/bee/git/PhotoLite-Brite-X/edk/python-c-testv2/implementation/system_microblaze_0_ilmb_wrapper.ngc 1463961788
/home/bee/git/PhotoLite-Brite-X/edk/python-c-testv2/implementation/system_microblaze_0_dlmb_wrapper.ngc 1463961788
/home/bee/git/PhotoLite-Brite-X/edk/python-c-testv2/implementation/system_axi4lite_0_wrapper.ngc 1463961788
/home/bee/git/PhotoLite-Brite-X/edk/python-c-testv2/implementation/system_microblaze_0_wrapper.ngc 1463961788
/home/bee/git/PhotoLite-Brite-X/edk/python-c-testv2/implementation/system_microblaze_0_i_bram_ctrl_wrapper.ngc 1463961788
/home/bee/git/PhotoLite-Brite-X/edk/python-c-testv2/implementation/system_microblaze_0_d_bram_ctrl_wrapper.ngc 1463961788
/home/bee/git/PhotoLite-Brite-X/edk/python-c-testv2/implementation/system_debug_module_wrapper.ngc 1463961788
/home/bee/git/PhotoLite-Brite-X/edk/python-c-testv2/implementation/system_axi_timer_0_wrapper.ngc 1463961788
/home/bee/git/PhotoLite-Brite-X/edk/python-c-testv2/implementation/system_led_strip_controller_0_wrapper.ngc 1463961788
/home/bee/git/PhotoLite-Brite-X/edk/python-c-testv2/implementation/system_microblaze_0_bram_block_wrapper.ngc 1463961788
OK
